[0.009s][warning][cds] Archived non-system classes are disabled because the java.system.class.loader property is specified (value = "com.intellij.util.lang.PathClassLoader"). To use archived non-system classes, this property must not be set
2025-04-12 13:38:50,628 [   1041] SEVERE - #c.i.o.e.c.i.EditorColorsManagerImpl - id is not specified for extension /colors/PyDarcula
java.lang.Throwable: id is not specified for extension /colors/PyDarcula
	at com.intellij.openapi.diagnostic.Logger.error(Logger.java:376)
	at com.intellij.openapi.editor.colors.impl.EditorColorsManagerImplKt$createLoadBundledSchemeRequests$1$1.getSchemeKey(EditorColorsManagerImpl.kt:781)
	at com.intellij.configurationStore.schemeManager.SchemeManagerImpl.loadBundledSchemes(SchemeManagerImpl.kt:120)
	at com.intellij.openapi.editor.colors.impl.EditorColorsManagerImpl.<init>(EditorColorsManagerImpl.kt:114)
	at com.intellij.openapi.editor.colors.impl.EditorColorsManagerImpl.<init>(EditorColorsManagerImpl.kt:96)
	at com.intellij.platform.instanceContainer.instantiation.InstantiateKt.instantiate$lambda$0(instantiate.kt:46)
	at com.intellij.platform.instanceContainer.instantiation.InstantiateKt.instantiate$lambda$8$lambda$7(instantiate.kt:310)
	at com.intellij.platform.instanceContainer.instantiation.InstantiateKt.withStoredTemporaryContext(instantiate.kt:328)
	at com.intellij.platform.instanceContainer.instantiation.InstantiateKt.instantiate(instantiate.kt:309)
	at com.intellij.platform.instanceContainer.instantiation.InstantiateKt.instantiate(instantiate.kt:43)
	at com.intellij.serviceContainer.ServiceInstanceInitializer.createInstance$suspendImpl(ServiceInstanceInitializer.kt:30)
	at com.intellij.serviceContainer.ServiceInstanceInitializer.createInstance(ServiceInstanceInitializer.kt)
	at com.intellij.platform.instanceContainer.internal.LazyInstanceHolder$initialize$1$1.invokeSuspend(LazyInstanceHolder.kt:163)
	at com.intellij.platform.instanceContainer.internal.LazyInstanceHolder$initialize$1$1.invoke(LazyInstanceHolder.kt)
	at com.intellij.platform.instanceContainer.internal.LazyInstanceHolder$initialize$1$1.invoke(LazyInstanceHolder.kt)
	at kotlinx.coroutines.intrinsics.UndispatchedKt.startUndispatchedOrReturn(Undispatched.kt:62)
	at kotlinx.coroutines.BuildersKt__Builders_commonKt.withContext(Builders.common.kt:163)
	at kotlinx.coroutines.BuildersKt.withContext(Unknown Source)
	at com.intellij.platform.instanceContainer.internal.LazyInstanceHolder$initialize$1.invokeSuspend(LazyInstanceHolder.kt:161)
	at com.intellij.platform.instanceContainer.internal.LazyInstanceHolder$initialize$1.invoke(LazyInstanceHolder.kt)
	at com.intellij.platform.instanceContainer.internal.LazyInstanceHolder$initialize$1.invoke(LazyInstanceHolder.kt)
	at kotlinx.coroutines.intrinsics.UndispatchedKt.startCoroutineUndispatched(Undispatched.kt:27)
	at kotlinx.coroutines.CoroutineStart.invoke(CoroutineStart.kt:90)
	at kotlinx.coroutines.AbstractCoroutine.start(AbstractCoroutine.kt:123)
	at kotlinx.coroutines.BuildersKt__Builders_commonKt.launch(Builders.common.kt:52)
	at kotlinx.coroutines.BuildersKt.launch(Unknown Source)
	at com.intellij.platform.instanceContainer.internal.LazyInstanceHolder.initialize(LazyInstanceHolder.kt:146)
	at com.intellij.platform.instanceContainer.internal.LazyInstanceHolder.access$initialize(LazyInstanceHolder.kt:14)
	at com.intellij.platform.instanceContainer.internal.LazyInstanceHolder.tryInitialize(LazyInstanceHolder.kt:136)
	at com.intellij.platform.instanceContainer.internal.LazyInstanceHolder.getInstance(LazyInstanceHolder.kt:96)
	at com.intellij.platform.instanceContainer.internal.LazyInstanceHolder.getInstance$suspendImpl(LazyInstanceHolder.kt:84)
	at com.intellij.platform.instanceContainer.internal.LazyInstanceHolder.getInstance(LazyInstanceHolder.kt)
	at com.intellij.platform.instanceContainer.internal.InstanceContainerImpl.instance(InstanceContainerImpl.kt:67)
	at com.intellij.serviceContainer.ComponentManagerImpl.getServiceAsync(ComponentManagerImpl.kt:699)
	at com.intellij.ide.ui.html.GlobalStyleSheetHolderKt$initGlobalStyleSheet$2$1.invokeSuspend(GlobalStyleSheetHolder.kt:131)
	at kotlin.coroutines.jvm.internal.BaseContinuationImpl.resumeWith(ContinuationImpl.kt:33)
	at kotlinx.coroutines.DispatchedTask.run(DispatchedTask.kt:104)
	at kotlinx.coroutines.scheduling.CoroutineScheduler.runSafely(CoroutineScheduler.kt:608)
	at kotlinx.coroutines.scheduling.CoroutineScheduler$Worker.executeTask(CoroutineScheduler.kt:873)
	at kotlinx.coroutines.scheduling.CoroutineScheduler$Worker.runWorker(CoroutineScheduler.kt:763)
	at kotlinx.coroutines.scheduling.CoroutineScheduler$Worker.run(CoroutineScheduler.kt:750)
2025-04-12 13:38:50,632 [   1045] SEVERE - #c.i.o.e.c.i.EditorColorsManagerImpl - PyCharm 2024.3.5  Build #PY-243.26053.29
2025-04-12 13:38:50,632 [   1045] SEVERE - #c.i.o.e.c.i.EditorColorsManagerImpl - JDK: 21.0.6; VM: OpenJDK 64-Bit Server VM; Vendor: JetBrains s.r.o.
2025-04-12 13:38:50,632 [   1045] SEVERE - #c.i.o.e.c.i.EditorColorsManagerImpl - OS: Linux
2025-04-12 13:38:50,633 [   1046] SEVERE - #c.i.o.e.c.i.EditorColorsManagerImpl - Last Action: 
2025-04-12 13:38:51,785 [   2198]   WARN - #c.i.s.ComponentManagerImpl - `preload=NOT_HEADLESS` must be used only for core services (service=com.jetbrains.rdserver.toolWindow.BackendServerToolWindowManager, plugin=com.jetbrains.codeWithMe)
2025-04-12 13:38:51,785 [   2198]   WARN - #c.i.s.ComponentManagerImpl - `preload=TRUE` must be used only for core services (service=com.intellij.cwm.plugin.users.BackendUserManager, plugin=com.jetbrains.codeWithMe)
2025-04-12 13:38:51,786 [   2199]   WARN - #c.i.s.ComponentManagerImpl - `preload=TRUE` must be used only for core services (service=com.intellij.cwm.plugin.ports.CwmPortForwardingToolWindowManager, plugin=com.jetbrains.codeWithMe)
2025-04-12 13:38:51,786 [   2199]   WARN - #c.i.s.ComponentManagerImpl - `preload=TRUE` must be used only for core services (service=com.intellij.cwm.plugin.following.FollowMeManagerService, plugin=com.jetbrains.codeWithMe)
2025-04-12 13:38:52,534 [   2947]   WARN - #c.i.u.Alarm - Do not create alarm without coroutineScope: com.intellij.ui.jcef.JBCefOsrComponent.<init>(JBCefOsrComponent.java:52)

(java:45618): Gtk-WARNING **: 13:38:52.749: gtk_disable_setlocale() must be called before gtk_init()
2025-04-12 13:38:53,034 [   3447]   WARN - #c.i.o.a.Application - issue detected: ide.script.launcher.used
2025-04-12 13:39:02,351 [  12764]   WARN - #c.j.p.PythonHelpersLocator - Helpers pro root does not exist /opt/pycharm-2024.3.5/plugins/python-ce/helpers-pro
2025-04-12 13:39:02,352 [  12765]   WARN - #c.j.p.PythonHelpersLocator - Helpers pro root does not exist /opt/pycharm-2024.3.5/plugins/python-ce/helpers-pro
2025-04-12 13:39:02,352 [  12765]   WARN - #c.j.p.PythonHelpersLocator - Helpers pro root does not exist /opt/pycharm-2024.3.5/plugins/python-ce/helpers-pro
2025-04-12 13:39:02,352 [  12765]   WARN - #c.j.p.PythonHelpersLocator - Helpers pro root does not exist /opt/pycharm-2024.3.5/plugins/python-ce/helpers-pro
2025-04-12 13:39:02,352 [  12765]   WARN - #c.j.p.PythonHelpersLocator - Helpers pro root does not exist /opt/pycharm-2024.3.5/plugins/python-ce/helpers-pro
2025-04-12 13:39:02,353 [  12766]   WARN - #c.j.p.PythonHelpersLocator - Helpers pro root does not exist /opt/pycharm-2024.3.5/plugins/python-ce/helpers-pro
2025-04-12 13:39:02,353 [  12766]   WARN - #c.j.p.PythonHelpersLocator - Helpers pro root does not exist /opt/pycharm-2024.3.5/plugins/python-ce/helpers-pro
2025-04-12 13:39:02,353 [  12766]   WARN - #c.j.p.PythonHelpersLocator - Helpers pro root does not exist /opt/pycharm-2024.3.5/plugins/python-ce/helpers-pro
2025-04-12 13:39:02,353 [  12766]   WARN - #c.j.p.PythonHelpersLocator - Helpers pro root does not exist /opt/pycharm-2024.3.5/plugins/python-ce/helpers-pro
2025-04-12 13:39:02,353 [  12766]   WARN - #c.j.p.PythonHelpersLocator - Helpers pro root does not exist /opt/pycharm-2024.3.5/plugins/python-ce/helpers-pro
2025-04-12 13:39:02,353 [  12766]   WARN - #c.j.p.PythonHelpersLocator - Helpers pro root does not exist /opt/pycharm-2024.3.5/plugins/python-ce/helpers-pro
2025-04-12 13:39:02,354 [  12767]   WARN - #c.j.p.PythonHelpersLocator - Helpers pro root does not exist /opt/pycharm-2024.3.5/plugins/python-ce/helpers-pro
2025-04-12 13:39:02,354 [  12767]   WARN - #c.j.p.PythonHelpersLocator - Helpers pro root does not exist /opt/pycharm-2024.3.5/plugins/python-ce/helpers-pro
2025-04-12 13:39:02,354 [  12767]   WARN - #c.j.p.PythonHelpersLocator - Helpers pro root does not exist /opt/pycharm-2024.3.5/plugins/python-ce/helpers-pro
2025-04-12 13:39:02,354 [  12767]   WARN - #c.j.p.PythonHelpersLocator - Helpers pro root does not exist /opt/pycharm-2024.3.5/plugins/python-ce/helpers-pro
2025-04-12 13:39:02,354 [  12767]   WARN - #c.j.p.PythonHelpersLocator - Helpers pro root does not exist /opt/pycharm-2024.3.5/plugins/python-ce/helpers-pro
2025-04-12 13:39:02,355 [  12768]   WARN - #c.j.p.PythonHelpersLocator - Helpers pro root does not exist /opt/pycharm-2024.3.5/plugins/python-ce/helpers-pro
2025-04-12 13:39:02,355 [  12768]   WARN - #c.j.p.PythonHelpersLocator - Helpers pro root does not exist /opt/pycharm-2024.3.5/plugins/python-ce/helpers-pro
2025-04-12 13:39:02,355 [  12768]   WARN - #c.j.p.PythonHelpersLocator - Helpers pro root does not exist /opt/pycharm-2024.3.5/plugins/python-ce/helpers-pro
2025-04-12 13:39:02,355 [  12768]   WARN - #c.j.p.PythonHelpersLocator - Helpers pro root does not exist /opt/pycharm-2024.3.5/plugins/python-ce/helpers-pro
2025-04-12 13:39:02,356 [  12769]   WARN - #c.j.p.PythonHelpersLocator - Helpers pro root does not exist /opt/pycharm-2024.3.5/plugins/python-ce/helpers-pro
2025-04-12 13:39:02,356 [  12769]   WARN - #c.j.p.PythonHelpersLocator - Helpers pro root does not exist /opt/pycharm-2024.3.5/plugins/python-ce/helpers-pro
2025-04-12 13:39:02,357 [  12770]   WARN - #c.j.p.PythonHelpersLocator - Helpers pro root does not exist /opt/pycharm-2024.3.5/plugins/python-ce/helpers-pro
2025-04-12 13:39:02,357 [  12770]   WARN - #c.j.p.PythonHelpersLocator - Helpers pro root does not exist /opt/pycharm-2024.3.5/plugins/python-ce/helpers-pro
2025-04-12 13:39:02,357 [  12770]   WARN - #c.j.p.PythonHelpersLocator - Helpers pro root does not exist /opt/pycharm-2024.3.5/plugins/python-ce/helpers-pro
2025-04-12 13:39:02,357 [  12770]   WARN - #c.j.p.PythonHelpersLocator - Helpers pro root does not exist /opt/pycharm-2024.3.5/plugins/python-ce/helpers-pro
2025-04-12 13:39:02,358 [  12771]   WARN - #c.j.p.PythonHelpersLocator - Helpers pro root does not exist /opt/pycharm-2024.3.5/plugins/python-ce/helpers-pro
2025-04-12 13:39:02,358 [  12771]   WARN - #c.j.p.PythonHelpersLocator - Helpers pro root does not exist /opt/pycharm-2024.3.5/plugins/python-ce/helpers-pro
2025-04-12 13:39:02,358 [  12771]   WARN - #c.j.p.PythonHelpersLocator - Helpers pro root does not exist /opt/pycharm-2024.3.5/plugins/python-ce/helpers-pro
2025-04-12 13:39:02,358 [  12771]   WARN - #c.j.p.PythonHelpersLocator - Helpers pro root does not exist /opt/pycharm-2024.3.5/plugins/python-ce/helpers-pro
2025-04-12 13:39:02,358 [  12771]   WARN - #c.j.p.PythonHelpersLocator - Helpers pro root does not exist /opt/pycharm-2024.3.5/plugins/python-ce/helpers-pro
2025-04-12 13:39:02,358 [  12771]   WARN - #c.j.p.PythonHelpersLocator - Helpers pro root does not exist /opt/pycharm-2024.3.5/plugins/python-ce/helpers-pro
2025-04-12 13:39:02,359 [  12772]   WARN - #c.j.p.PythonHelpersLocator - Helpers pro root does not exist /opt/pycharm-2024.3.5/plugins/python-ce/helpers-pro
2025-04-12 13:39:02,359 [  12772]   WARN - #c.j.p.PythonHelpersLocator - Helpers pro root does not exist /opt/pycharm-2024.3.5/plugins/python-ce/helpers-pro
2025-04-12 13:39:02,359 [  12772]   WARN - #c.j.p.PythonHelpersLocator - Helpers pro root does not exist /opt/pycharm-2024.3.5/plugins/python-ce/helpers-pro
2025-04-12 13:39:02,359 [  12772]   WARN - #c.j.p.PythonHelpersLocator - Helpers pro root does not exist /opt/pycharm-2024.3.5/plugins/python-ce/helpers-pro
2025-04-12 13:39:02,359 [  12772]   WARN - #c.j.p.PythonHelpersLocator - Helpers pro root does not exist /opt/pycharm-2024.3.5/plugins/python-ce/helpers-pro
2025-04-12 13:39:02,359 [  12772]   WARN - #c.j.p.PythonHelpersLocator - Helpers pro root does not exist /opt/pycharm-2024.3.5/plugins/python-ce/helpers-pro
2025-04-12 13:39:02,360 [  12773]   WARN - #c.j.p.PythonHelpersLocator - Helpers pro root does not exist /opt/pycharm-2024.3.5/plugins/python-ce/helpers-pro
2025-04-12 13:39:02,360 [  12773]   WARN - #c.j.p.PythonHelpersLocator - Helpers pro root does not exist /opt/pycharm-2024.3.5/plugins/python-ce/helpers-pro
2025-04-12 13:39:02,360 [  12773]   WARN - #c.j.p.PythonHelpersLocator - Helpers pro root does not exist /opt/pycharm-2024.3.5/plugins/python-ce/helpers-pro
2025-04-12 13:39:02,360 [  12773]   WARN - #c.j.p.PythonHelpersLocator - Helpers pro root does not exist /opt/pycharm-2024.3.5/plugins/python-ce/helpers-pro
2025-04-12 13:39:02,360 [  12773]   WARN - #c.j.p.PythonHelpersLocator - Helpers pro root does not exist /opt/pycharm-2024.3.5/plugins/python-ce/helpers-pro
2025-04-12 13:39:02,361 [  12774]   WARN - #c.j.p.PythonHelpersLocator - Helpers pro root does not exist /opt/pycharm-2024.3.5/plugins/python-ce/helpers-pro
2025-04-12 13:39:02,361 [  12774]   WARN - #c.j.p.PythonHelpersLocator - Helpers pro root does not exist /opt/pycharm-2024.3.5/plugins/python-ce/helpers-pro
2025-04-12 13:39:02,361 [  12774]   WARN - #c.j.p.PythonHelpersLocator - Helpers pro root does not exist /opt/pycharm-2024.3.5/plugins/python-ce/helpers-pro
2025-04-12 13:39:02,361 [  12774]   WARN - #c.j.p.PythonHelpersLocator - Helpers pro root does not exist /opt/pycharm-2024.3.5/plugins/python-ce/helpers-pro
2025-04-12 13:39:02,361 [  12774]   WARN - #c.j.p.PythonHelpersLocator - Helpers pro root does not exist /opt/pycharm-2024.3.5/plugins/python-ce/helpers-pro
2025-04-12 13:39:02,361 [  12774]   WARN - #c.j.p.PythonHelpersLocator - Helpers pro root does not exist /opt/pycharm-2024.3.5/plugins/python-ce/helpers-pro
2025-04-12 13:39:02,362 [  12775]   WARN - #c.j.p.PythonHelpersLocator - Helpers pro root does not exist /opt/pycharm-2024.3.5/plugins/python-ce/helpers-pro
2025-04-12 13:39:02,362 [  12775]   WARN - #c.j.p.PythonHelpersLocator - Helpers pro root does not exist /opt/pycharm-2024.3.5/plugins/python-ce/helpers-pro
2025-04-12 13:39:02,362 [  12775]   WARN - #c.j.p.PythonHelpersLocator - Helpers pro root does not exist /opt/pycharm-2024.3.5/plugins/python-ce/helpers-pro
2025-04-12 13:39:02,362 [  12775]   WARN - #c.j.p.PythonHelpersLocator - Helpers pro root does not exist /opt/pycharm-2024.3.5/plugins/python-ce/helpers-pro
2025-04-12 13:39:02,362 [  12775]   WARN - #c.j.p.PythonHelpersLocator - Helpers pro root does not exist /opt/pycharm-2024.3.5/plugins/python-ce/helpers-pro
2025-04-12 13:39:02,362 [  12775]   WARN - #c.j.p.PythonHelpersLocator - Helpers pro root does not exist /opt/pycharm-2024.3.5/plugins/python-ce/helpers-pro
2025-04-12 13:39:02,363 [  12776]   WARN - #c.j.p.PythonHelpersLocator - Helpers pro root does not exist /opt/pycharm-2024.3.5/plugins/python-ce/helpers-pro
2025-04-12 13:39:02,363 [  12776]   WARN - #c.j.p.PythonHelpersLocator - Helpers pro root does not exist /opt/pycharm-2024.3.5/plugins/python-ce/helpers-pro
2025-04-12 13:39:02,363 [  12776]   WARN - #c.j.p.PythonHelpersLocator - Helpers pro root does not exist /opt/pycharm-2024.3.5/plugins/python-ce/helpers-pro
2025-04-12 13:39:02,363 [  12776]   WARN - #c.j.p.PythonHelpersLocator - Helpers pro root does not exist /opt/pycharm-2024.3.5/plugins/python-ce/helpers-pro
2025-04-12 13:39:02,363 [  12776]   WARN - #c.j.p.PythonHelpersLocator - Helpers pro root does not exist /opt/pycharm-2024.3.5/plugins/python-ce/helpers-pro
2025-04-12 13:39:02,366 [  12779]   WARN - #c.j.p.PythonHelpersLocator - Helpers pro root does not exist /opt/pycharm-2024.3.5/plugins/python-ce/helpers-pro
2025-04-12 13:39:02,405 [  12818]   WARN - #c.j.p.PythonHelpersLocator - Helpers pro root does not exist /opt/pycharm-2024.3.5/plugins/python-ce/helpers-pro
2025-04-12 13:39:02,406 [  12819]   WARN - #c.j.p.PythonHelpersLocator - Helpers pro root does not exist /opt/pycharm-2024.3.5/plugins/python-ce/helpers-pro
2025-04-12 13:39:02,407 [  12820]   WARN - #c.j.p.PythonHelpersLocator - Helpers pro root does not exist /opt/pycharm-2024.3.5/plugins/python-ce/helpers-pro
2025-04-12 13:39:02,421 [  12834]   WARN - #c.j.p.PythonHelpersLocator - Helpers pro root does not exist /opt/pycharm-2024.3.5/plugins/python-ce/helpers-pro
2025-04-12 13:39:02,482 [  12895]   WARN - #c.j.p.PythonHelpersLocator - Helpers pro root does not exist /opt/pycharm-2024.3.5/plugins/python-ce/helpers-pro
2025-04-12 13:39:02,488 [  12901]   WARN - #c.j.p.PythonHelpersLocator - Helpers pro root does not exist /opt/pycharm-2024.3.5/plugins/python-ce/helpers-pro
2025-04-12 13:39:02,885 [  13298]   WARN - #c.j.p.PythonHelpersLocator - Helpers pro root does not exist /opt/pycharm-2024.3.5/plugins/python-ce/helpers-pro
2025-04-12 13:39:03,288 [  13701]   WARN - #c.j.p.PythonHelpersLocator - Helpers pro root does not exist /opt/pycharm-2024.3.5/plugins/python-ce/helpers-pro
2025-04-12 13:39:11,018 [  21431]   WARN - #c.i.i.f.i.FTManager - Duplicate bundled template HTML File.html [com.intellij.ide.fileTemplates.impl.FileTemplatesLoaderKt$$Lambda/0x00007fbe562394c0@20d77607, com.intellij.ide.fileTemplates.impl.FileTemplatesLoaderKt$$Lambda/0x00007fbe562394c0@9cd5c8f]
2025-04-12 13:43:03,738 [ 254151]   WARN - #c.j.p.PythonHelpersLocator - Helpers pro root does not exist /opt/pycharm-2024.3.5/plugins/python-ce/helpers-pro
2025-04-12 13:43:19,534 [ 269947]   WARN - #c.j.p.PythonHelpersLocator - Helpers pro root does not exist /opt/pycharm-2024.3.5/plugins/python-ce/helpers-pro
2025-04-12 13:43:19,565 [ 269978]   WARN - #c.j.p.PythonHelpersLocator - Helpers pro root does not exist /opt/pycharm-2024.3.5/plugins/python-ce/helpers-pro
2025-04-12 13:43:19,588 [ 270001]   WARN - #c.j.p.PythonHelpersLocator - Helpers pro root does not exist /opt/pycharm-2024.3.5/plugins/python-ce/helpers-pro
2025-04-12 13:43:19,590 [ 270003]   WARN - #c.j.p.PythonHelpersLocator - Helpers pro root does not exist /opt/pycharm-2024.3.5/plugins/python-ce/helpers-pro
2025-04-12 13:43:19,711 [ 270124]   WARN - #c.j.p.PythonHelpersLocator - Helpers pro root does not exist /opt/pycharm-2024.3.5/plugins/python-ce/helpers-pro
2025-04-12 13:43:19,772 [ 270185]   WARN - #c.j.p.PythonHelpersLocator - Helpers pro root does not exist /opt/pycharm-2024.3.5/plugins/python-ce/helpers-pro
2025-04-12 13:49:29,892 [ 640305]   WARN - #c.j.p.PythonHelpersLocator - Helpers pro root does not exist /opt/pycharm-2024.3.5/plugins/python-ce/helpers-pro
2025-04-12 13:49:29,936 [ 640349]   WARN - #c.j.p.PythonHelpersLocator - Helpers pro root does not exist /opt/pycharm-2024.3.5/plugins/python-ce/helpers-pro
2025-04-12 13:49:29,958 [ 640371]   WARN - #c.j.p.PythonHelpersLocator - Helpers pro root does not exist /opt/pycharm-2024.3.5/plugins/python-ce/helpers-pro
2025-04-12 13:49:29,960 [ 640373]   WARN - #c.j.p.PythonHelpersLocator - Helpers pro root does not exist /opt/pycharm-2024.3.5/plugins/python-ce/helpers-pro
2025-04-12 13:49:30,083 [ 640496]   WARN - #c.j.p.PythonHelpersLocator - Helpers pro root does not exist /opt/pycharm-2024.3.5/plugins/python-ce/helpers-pro
2025-04-12 13:49:30,158 [ 640571]   WARN - #c.j.p.PythonHelpersLocator - Helpers pro root does not exist /opt/pycharm-2024.3.5/plugins/python-ce/helpers-pro
2025-04-12 13:49:38,933 [ 649346]   WARN - #c.i.i.p.n.PluginImagesComponent - Unable to read image for plugin 7861 file /home/bogota/.cache/JetBrains/PyCharm2024.3/plugins/imageCache/7861/screenshot_19713.png
java.io.IOException: Unable to read image for plugin 7861 file /home/bogota/.cache/JetBrains/PyCharm2024.3/plugins/imageCache/7861/screenshot_19713.png
	at com.intellij.ide.plugins.newui.PluginImagesComponent.lambda$loadImages$2(PluginImagesComponent.java:212)
	at com.intellij.util.concurrency.ChildContext$runInChildContext$1.invoke(propagation.kt:103)
	at com.intellij.util.concurrency.ChildContext$runInChildContext$1.invoke(propagation.kt:103)
	at com.intellij.util.concurrency.ChildContext.runInChildContext(propagation.kt:109)
	at com.intellij.util.concurrency.ChildContext.runInChildContext(propagation.kt:103)
	at com.intellij.util.concurrency.ContextRunnable.run(ContextRunnable.java:27)
	at java.base/java.util.concurrent.ThreadPoolExecutor.runWorker(ThreadPoolExecutor.java:1144)
	at java.base/java.util.concurrent.ThreadPoolExecutor$Worker.run(ThreadPoolExecutor.java:642)
	at java.base/java.util.concurrent.Executors$PrivilegedThreadFactory$1$1.run(Executors.java:735)
	at java.base/java.util.concurrent.Executors$PrivilegedThreadFactory$1$1.run(Executors.java:732)
	at java.base/java.security.AccessController.doPrivileged(AccessController.java:400)
	at java.base/java.util.concurrent.Executors$PrivilegedThreadFactory$1.run(Executors.java:732)
	at java.base/java.lang.Thread.run(Thread.java:1583)
Caused by: javax.imageio.IIOException: Error reading PNG image data
	at java.desktop/com.sun.imageio.plugins.png.PNGImageReader.readImage(PNGImageReader.java:1527)
	at java.desktop/com.sun.imageio.plugins.png.PNGImageReader.read(PNGImageReader.java:1844)
	at java.desktop/javax.imageio.ImageIO.read(ImageIO.java:1466)
	at java.desktop/javax.imageio.ImageIO.read(ImageIO.java:1363)
	at com.intellij.ide.plugins.newui.PluginImagesComponent.lambda$loadImages$2(PluginImagesComponent.java:201)
	... 12 more
Caused by: java.io.EOFException: Unexpected end of ZLIB input stream
	at java.base/java.util.zip.InflaterInputStream.fill(InflaterInputStream.java:266)
	at java.base/java.util.zip.InflaterInputStream.read(InflaterInputStream.java:175)
	at java.base/java.io.BufferedInputStream.fill(BufferedInputStream.java:291)
	at java.base/java.io.BufferedInputStream.read1(BufferedInputStream.java:347)
	at java.base/java.io.BufferedInputStream.implRead(BufferedInputStream.java:420)
	at java.base/java.io.BufferedInputStream.read(BufferedInputStream.java:399)
	at java.base/java.io.DataInputStream.readFully(DataInputStream.java:208)
	at java.desktop/com.sun.imageio.plugins.png.PNGImageReader.decodePass(PNGImageReader.java:1242)
	at java.desktop/com.sun.imageio.plugins.png.PNGImageReader.decodeImage(PNGImageReader.java:1378)
	at java.desktop/com.sun.imageio.plugins.png.PNGImageReader.readImage(PNGImageReader.java:1518)
	... 16 more
2025-04-12 13:49:46,508 [ 656921]   WARN - #c.i.u.p.AbstractPopup - popup preferred size is bigger than screen: 1922x1082
    com.intellij.ui.popup.AbstractPopup$MyContentPanel
      com.intellij.ui.components.panels.Wrapper
        com.intellij.ide.plugins.newui.PluginImagesComponent
      com.intellij.ui.popup.AbstractPopup$2
        com.intellij.ui.CaptionPanel
2025-04-12 13:49:51,711 [ 662124]   WARN - #c.i.u.p.AbstractPopup - popup preferred size is bigger than screen: 1922x1082
    com.intellij.ui.popup.AbstractPopup$MyContentPanel
      com.intellij.ui.components.panels.Wrapper
        com.intellij.ide.plugins.newui.PluginImagesComponent
      com.intellij.ui.popup.AbstractPopup$2
        com.intellij.ui.CaptionPanel
2025-04-12 13:49:56,905 [ 667318]   WARN - #c.i.i.p.PluginManager - Cannot load /home/bogota/.local/share/JetBrains/PyCharm2024.3/idea-php-dotenv-plugin/lib/idea-php-dotenv-plugin-2024.3.jar
java.lang.RuntimeException: Plugin PluginDescriptor(name=.env files support, id=ru.adelf.idea.dotenv, descriptorPath=plugin.xml, path=~/.local/share/JetBrains/PyCharm2024.3/idea-php-dotenv-plugin, version=2024.3, package=null, isBundled=false) misses optional descriptor kotlin.xml
	at com.intellij.ide.plugins.IdeaPluginDescriptorImpl.processOldDependencies(IdeaPluginDescriptorImpl.kt:361)
	at com.intellij.ide.plugins.IdeaPluginDescriptorImpl.initByRawDescriptor$intellij_platform_core_impl(IdeaPluginDescriptorImpl.kt:271)
	at com.intellij.ide.plugins.PluginDescriptorLoader.initMainDescriptorByRaw(PluginDescriptorLoader.kt:216)
	at com.intellij.ide.plugins.PluginDescriptorLoader.loadDescriptorFromJar(PluginDescriptorLoader.kt:163)
	at com.intellij.ide.plugins.PluginDescriptorLoader.loadFromPluginDir(PluginDescriptorLoader.kt:283)
	at com.intellij.ide.plugins.PluginDescriptorLoader.loadDescriptorFromFileOrDir(PluginDescriptorLoader.kt:236)
	at com.intellij.ide.plugins.PluginDescriptorLoader.loadDescriptorFromFileOrDir$default(PluginDescriptorLoader.kt:224)
	at com.intellij.ide.plugins.PluginDescriptorLoader$loadDescriptor$1$1.invokeSuspend(PluginDescriptorLoader.kt:1110)
	at kotlin.coroutines.jvm.internal.BaseContinuationImpl.resumeWith(ContinuationImpl.kt:33)
	at kotlinx.coroutines.DispatchedTask.run(DispatchedTask.kt:104)
	at kotlinx.coroutines.EventLoopImplBase.processNextEvent(EventLoop.common.kt:277)
	at kotlinx.coroutines.BlockingCoroutine.joinBlocking(Builders.kt:111)
	at kotlinx.coroutines.BuildersKt__BuildersKt.runBlocking$BuildersKt__BuildersKt(Builders.kt:84)
	at kotlinx.coroutines.BuildersKt__BuildersKt.runBlocking(Builders.kt:52)
	at kotlinx.coroutines.BuildersKt.runBlocking(Unknown Source)
	at kotlinx.coroutines.BuildersKt__BuildersKt.runBlocking$default(Builders.kt:48)
	at kotlinx.coroutines.BuildersKt.runBlocking$default(Unknown Source)
	at com.intellij.ide.plugins.PluginDescriptorLoader.loadDescriptor(PluginDescriptorLoader.kt:1109)
	at com.intellij.ide.plugins.PluginInstaller.installAndLoadDynamicPlugin(PluginInstaller.java:402)
	at com.intellij.ide.plugins.PluginInstaller.installAndLoadDynamicPlugin(PluginInstaller.java:388)
	at com.intellij.ide.plugins.PluginManagerMain.lambda$downloadPluginsImpl$1(PluginManagerMain.java:123)
	at com.intellij.openapi.application.TransactionGuardImpl.runWithWritingAllowed(TransactionGuardImpl.java:236)
	at com.intellij.openapi.application.TransactionGuardImpl.access$100(TransactionGuardImpl.java:25)
	at com.intellij.openapi.application.TransactionGuardImpl$1.run(TransactionGuardImpl.java:198)
	at com.intellij.openapi.application.impl.AnyThreadWriteThreadingSupport.runIntendedWriteActionOnCurrentThread$lambda$2(AnyThreadWriteThreadingSupport.kt:217)
	at com.intellij.openapi.application.impl.AnyThreadWriteThreadingSupport.runWriteIntentReadAction(AnyThreadWriteThreadingSupport.kt:128)
	at com.intellij.openapi.application.impl.AnyThreadWriteThreadingSupport.runIntendedWriteActionOnCurrentThread(AnyThreadWriteThreadingSupport.kt:216)
	at com.intellij.openapi.application.impl.ApplicationImpl.runIntendedWriteActionOnCurrentThread(ApplicationImpl.java:843)
	at com.intellij.openapi.application.impl.ApplicationImpl$2.run(ApplicationImpl.java:421)
	at com.intellij.util.concurrency.ChildContext$runInChildContext$1.invoke(propagation.kt:103)
	at com.intellij.util.concurrency.ChildContext$runInChildContext$1.invoke(propagation.kt:103)
	at com.intellij.util.concurrency.ChildContext.runInChildContext(propagation.kt:109)
	at com.intellij.util.concurrency.ChildContext.runInChildContext(propagation.kt:103)
	at com.intellij.util.concurrency.ContextRunnable.run(ContextRunnable.java:27)
	at com.intellij.openapi.application.impl.FlushQueue.runNextEvent(FlushQueue.java:117)
	at com.intellij.openapi.application.impl.FlushQueue.flushNow(FlushQueue.java:43)
	at java.desktop/java.awt.event.InvocationEvent.dispatch(InvocationEvent.java:318)
	at java.desktop/java.awt.EventQueue.dispatchEventImpl(EventQueue.java:781)
	at java.desktop/java.awt.EventQueue$4.run(EventQueue.java:728)
	at java.desktop/java.awt.EventQueue$4.run(EventQueue.java:722)
	at java.base/java.security.AccessController.doPrivileged(AccessController.java:400)
	at java.base/java.security.ProtectionDomain$JavaSecurityAccessImpl.doIntersectionPrivilege(ProtectionDomain.java:87)
	at java.desktop/java.awt.EventQueue.dispatchEvent(EventQueue.java:750)
	at com.intellij.ide.IdeEventQueue.defaultDispatchEvent(IdeEventQueue.kt:675)
	at com.intellij.ide.IdeEventQueue._dispatchEvent(IdeEventQueue.kt:573)
	at com.intellij.ide.IdeEventQueue.dispatchEvent$lambda$18$lambda$17$lambda$16$lambda$15(IdeEventQueue.kt:355)
	at com.intellij.openapi.progress.impl.CoreProgressManager.computePrioritized(CoreProgressManager.java:857)
	at com.intellij.ide.IdeEventQueue.dispatchEvent$lambda$18$lambda$17$lambda$16(IdeEventQueue.kt:354)
	at com.intellij.ide.IdeEventQueueKt.performActivity$lambda$2$lambda$1(IdeEventQueue.kt:1045)
	at com.intellij.openapi.application.WriteIntentReadAction.lambda$run$0(WriteIntentReadAction.java:24)
	at com.intellij.openapi.application.impl.AnyThreadWriteThreadingSupport.runWriteIntentReadAction(AnyThreadWriteThreadingSupport.kt:128)
	at com.intellij.openapi.application.impl.ApplicationImpl.runWriteIntentReadAction(ApplicationImpl.java:917)
	at com.intellij.openapi.application.WriteIntentReadAction.compute(WriteIntentReadAction.java:55)
	at com.intellij.openapi.application.WriteIntentReadAction.run(WriteIntentReadAction.java:23)
	at com.intellij.ide.IdeEventQueueKt.performActivity$lambda$2(IdeEventQueue.kt:1045)
	at com.intellij.ide.IdeEventQueueKt.performActivity$lambda$3(IdeEventQueue.kt:1054)
	at com.intellij.openapi.application.TransactionGuardImpl.performActivity(TransactionGuardImpl.java:109)
	at com.intellij.ide.IdeEventQueueKt.performActivity(IdeEventQueue.kt:1054)
	at com.intellij.ide.IdeEventQueue.dispatchEvent$lambda$18(IdeEventQueue.kt:349)
	at com.intellij.ide.IdeEventQueue.dispatchEvent(IdeEventQueue.kt:395)
	at java.desktop/java.awt.EventDispatchThread.pumpOneEventForFilters(EventDispatchThread.java:207)
	at java.desktop/java.awt.EventDispatchThread.pumpEventsForFilter(EventDispatchThread.java:128)
	at java.desktop/java.awt.EventDispatchThread.pumpEventsForHierarchy(EventDispatchThread.java:117)
	at java.desktop/java.awt.EventDispatchThread.pumpEvents(EventDispatchThread.java:113)
	at java.desktop/java.awt.EventDispatchThread.pumpEvents(EventDispatchThread.java:105)
	at java.desktop/java.awt.EventDispatchThread.run(EventDispatchThread.java:92)
2025-04-12 13:50:09,511 [ 679924] SEVERE - #c.i.o.a.i.ApplicationImpl - Failed to close and dispose all projects
com.intellij.openapi.application.impl.ApplicationImpl$1ApplicationExitException: com.intellij.openapi.progress.CeProcessCanceledException: kotlinx.coroutines.JobCancellationException: Job was cancelled; job="ProjectImpl@476070722 container":supervisor:ChildScope{Cancelled}@6daf7b95
	at com.intellij.openapi.application.impl.ApplicationImpl.logErrorDuringExit(ApplicationImpl.java:687)
	at com.intellij.openapi.application.impl.ApplicationImpl.destructApplication(ApplicationImpl.java:628)
	at com.intellij.openapi.application.impl.ApplicationImpl.doExit(ApplicationImpl.java:566)
	at com.intellij.openapi.application.impl.ApplicationImpl.exit(ApplicationImpl.java:551)
	at com.intellij.openapi.application.impl.ApplicationImpl.restart(ApplicationImpl.java:530)
	at com.intellij.openapi.application.impl.ApplicationImpl.restart(ApplicationImpl.java:500)
	at com.intellij.openapi.application.impl.ApplicationImpl.restart(ApplicationImpl.java:488)
	at com.intellij.ide.plugins.PluginManagerMain$3.actionPerformed(PluginManagerMain.java:343)
	at com.intellij.notification.NotificationAction.actionPerformed(NotificationAction.java:34)
	at com.intellij.openapi.actionSystem.ex.ActionUtil.doPerformActionOrShowPopup(ActionUtil.kt:374)
	at com.intellij.openapi.actionSystem.ex.ActionUtil.performActionDumbAwareWithCallbacks$lambda$7(ActionUtil.kt:343)
	at com.intellij.openapi.actionSystem.impl.ActionManagerImpl.performWithActionCallbacks(ActionManagerImpl.kt:1173)
	at com.intellij.openapi.actionSystem.ex.ActionUtil.performActionDumbAwareWithCallbacks(ActionUtil.kt:342)
	at com.intellij.openapi.fileEditor.impl.IdeUiServiceImpl.performActionDumbAwareWithCallbacks(IdeUiServiceImpl.java:116)
	at com.intellij.notification.Notification.fire(Notification.java:463)
	at com.intellij.notification.impl.NotificationsManagerImpl.lambda$createAction$17(NotificationsManagerImpl.java:916)
	at com.intellij.ui.components.labels.LinkLabel.doClick(LinkLabel.java:174)
	at com.intellij.ui.components.labels.LinkLabel.doClick(LinkLabel.java:399)
	at com.intellij.ui.components.labels.LinkLabel$MyMouseHandler.mouseReleased(LinkLabel.java:372)
	at com.intellij.notification.impl.NotificationsManagerImpl$HoverAdapter.handleEvent(NotificationsManagerImpl.java:1031)
	at com.intellij.notification.impl.NotificationsManagerImpl$HoverAdapter.mouseReleased(NotificationsManagerImpl.java:974)
	at java.desktop/java.awt.Component.processMouseEvent(Component.java:6662)
	at java.desktop/javax.swing.JComponent.processMouseEvent(JComponent.java:3394)
	at java.desktop/java.awt.Component.processEvent(Component.java:6427)
	at java.desktop/java.awt.Container.processEvent(Container.java:2266)
	at java.desktop/java.awt.Component.dispatchEventImpl(Component.java:5032)
	at java.desktop/java.awt.Container.dispatchEventImpl(Container.java:2324)
	at java.desktop/java.awt.Component.dispatchEvent(Component.java:4860)
	at java.desktop/java.awt.LightweightDispatcher.retargetMouseEvent(Container.java:4963)
	at java.desktop/java.awt.LightweightDispatcher.processMouseEvent(Container.java:4577)
	at java.desktop/java.awt.LightweightDispatcher.dispatchEvent(Container.java:4518)
	at java.desktop/java.awt.Container.dispatchEventImpl(Container.java:2310)
	at java.desktop/java.awt.Window.dispatchEventImpl(Window.java:2810)
	at java.desktop/java.awt.Component.dispatchEvent(Component.java:4860)
	at java.desktop/java.awt.EventQueue.dispatchEventImpl(EventQueue.java:783)
	at java.desktop/java.awt.EventQueue$4.run(EventQueue.java:728)
	at java.desktop/java.awt.EventQueue$4.run(EventQueue.java:722)
	at java.base/java.security.AccessController.doPrivileged(AccessController.java:400)
	at java.base/java.security.ProtectionDomain$JavaSecurityAccessImpl.doIntersectionPrivilege(ProtectionDomain.java:87)
	at java.base/java.security.ProtectionDomain$JavaSecurityAccessImpl.doIntersectionPrivilege(ProtectionDomain.java:98)
	at java.desktop/java.awt.EventQueue$5.run(EventQueue.java:755)
	at java.desktop/java.awt.EventQueue$5.run(EventQueue.java:753)
	at java.base/java.security.AccessController.doPrivileged(AccessController.java:400)
	at java.base/java.security.ProtectionDomain$JavaSecurityAccessImpl.doIntersectionPrivilege(ProtectionDomain.java:87)
	at java.desktop/java.awt.EventQueue.dispatchEvent(EventQueue.java:752)
	at com.intellij.ide.IdeEventQueue.defaultDispatchEvent(IdeEventQueue.kt:675)
	at com.intellij.ide.IdeEventQueue.dispatchMouseEvent(IdeEventQueue.kt:621)
	at com.intellij.ide.IdeEventQueue._dispatchEvent$lambda$21(IdeEventQueue.kt:564)
	at com.intellij.openapi.application.impl.AnyThreadWriteThreadingSupport.runWriteIntentReadAction(AnyThreadWriteThreadingSupport.kt:128)
	at com.intellij.ide.IdeEventQueue._dispatchEvent(IdeEventQueue.kt:564)
	at com.intellij.ide.IdeEventQueue.dispatchEvent$lambda$18$lambda$17$lambda$16$lambda$15(IdeEventQueue.kt:355)
	at com.intellij.openapi.progress.impl.CoreProgressManager.computePrioritized(CoreProgressManager.java:857)
	at com.intellij.ide.IdeEventQueue.dispatchEvent$lambda$18$lambda$17$lambda$16(IdeEventQueue.kt:354)
	at com.intellij.ide.IdeEventQueueKt.performActivity$lambda$2$lambda$1(IdeEventQueue.kt:1045)
	at com.intellij.openapi.application.WriteIntentReadAction.lambda$run$0(WriteIntentReadAction.java:24)
	at com.intellij.openapi.application.impl.AnyThreadWriteThreadingSupport.runWriteIntentReadAction(AnyThreadWriteThreadingSupport.kt:128)
	at com.intellij.openapi.application.impl.ApplicationImpl.runWriteIntentReadAction(ApplicationImpl.java:917)
	at com.intellij.openapi.application.WriteIntentReadAction.compute(WriteIntentReadAction.java:55)
	at com.intellij.openapi.application.WriteIntentReadAction.run(WriteIntentReadAction.java:23)
	at com.intellij.ide.IdeEventQueueKt.performActivity$lambda$2(IdeEventQueue.kt:1045)
	at com.intellij.ide.IdeEventQueueKt.performActivity$lambda$3(IdeEventQueue.kt:1054)
	at com.intellij.openapi.application.TransactionGuardImpl.performActivity(TransactionGuardImpl.java:117)
	at com.intellij.ide.IdeEventQueueKt.performActivity(IdeEventQueue.kt:1054)
	at com.intellij.ide.IdeEventQueue.dispatchEvent$lambda$18(IdeEventQueue.kt:349)
	at com.intellij.ide.IdeEventQueue.dispatchEvent(IdeEventQueue.kt:395)
	at java.desktop/java.awt.EventDispatchThread.pumpOneEventForFilters(EventDispatchThread.java:207)
	at java.desktop/java.awt.EventDispatchThread.pumpEventsForFilter(EventDispatchThread.java:128)
	at java.desktop/java.awt.EventDispatchThread.pumpEventsForHierarchy(EventDispatchThread.java:117)
	at java.desktop/java.awt.EventDispatchThread.pumpEvents(EventDispatchThread.java:113)
	at java.desktop/java.awt.EventDispatchThread.pumpEvents(EventDispatchThread.java:105)
	at java.desktop/java.awt.EventDispatchThread.run(EventDispatchThread.java:92)
Caused by: com.intellij.openapi.progress.CeProcessCanceledException: kotlinx.coroutines.JobCancellationException: Job was cancelled; job="ProjectImpl@476070722 container":supervisor:ChildScope{Cancelled}@6daf7b95
	at com.intellij.openapi.progress.CoroutinesKt.runBlockingCancellable$lambda$0(coroutines.kt:158)
	at com.intellij.openapi.progress.ContextKt.prepareThreadContext(context.kt:85)
	at com.intellij.openapi.progress.CoroutinesKt.runBlockingCancellable(coroutines.kt:140)
	at com.intellij.openapi.progress.CoroutinesKt.runBlockingMaybeCancellable(coroutines.kt:176)
	at com.intellij.platform.project.ProjectEntitiesStorage$createEntity$2.invokeSuspend$lambda$3(ProjectEntitiesStorage.kt:60)
	at com.intellij.openapi.util.ObjectTree.runWithTrace(ObjectTree.java:131)
	at com.intellij.openapi.util.ObjectTree.executeAllChildren(ObjectTree.java:147)
	at com.intellij.openapi.util.Disposer.disposeChildren(Disposer.java:201)
	at com.intellij.serviceContainer.ComponentManagerImpl.startDispose$lambda$20(ComponentManagerImpl.kt:1152)
	at com.intellij.util.Suppressions.runSuppressing(suppressions.kt:15)
	at com.intellij.serviceContainer.ComponentManagerImpl.startDispose(ComponentManagerImpl.kt:1151)
	at com.intellij.openapi.project.impl.ProjectManagerImpl.closeProject$lambda$15(ProjectManagerImpl.kt:411)
	at com.intellij.openapi.application.impl.AnyThreadWriteThreadingSupport.runWriteAction$lambda$5(AnyThreadWriteThreadingSupport.kt:379)
	at com.intellij.openapi.application.impl.AnyThreadWriteThreadingSupport.runWriteAction(AnyThreadWriteThreadingSupport.kt:389)
	at com.intellij.openapi.application.impl.AnyThreadWriteThreadingSupport.runWriteAction(AnyThreadWriteThreadingSupport.kt:379)
	at com.intellij.openapi.application.impl.ApplicationImpl.runWriteAction(ApplicationImpl.java:897)
	at com.intellij.openapi.project.impl.ProjectManagerImpl.closeProject(ProjectManagerImpl.kt:405)
	at com.intellij.openapi.project.impl.ProjectManagerImpl.closeProject$default(ProjectManagerImpl.kt:330)
	at com.intellij.openapi.project.impl.ProjectManagerImpl.closeAndDisposeAllProjects(ProjectManagerImpl.kt:323)
	at com.intellij.openapi.application.impl.ApplicationImpl.lambda$destructApplication$4(ApplicationImpl.java:621)
	at com.intellij.platform.diagnostic.telemetry.helpers.TraceKt.use(trace.kt:30)
	at com.intellij.openapi.application.impl.ApplicationImpl.destructApplication(ApplicationImpl.java:620)
	... 69 more
Caused by: kotlinx.coroutines.JobCancellationException: Job was cancelled; job="ProjectImpl@476070722 container":supervisor:ChildScope{Cancelled}@6daf7b95
2025-04-12 13:50:09,512 [ 679925] SEVERE - #c.i.o.a.i.ApplicationImpl - PyCharm 2024.3.5  Build #PY-243.26053.29
2025-04-12 13:50:09,512 [ 679925] SEVERE - #c.i.o.a.i.ApplicationImpl - JDK: 21.0.6; VM: OpenJDK 64-Bit Server VM; Vendor: JetBrains s.r.o.
2025-04-12 13:50:09,512 [ 679925] SEVERE - #c.i.o.a.i.ApplicationImpl - OS: Linux
2025-04-12 13:50:09,607 [ 680020] SEVERE - #c.i.o.u.ObjectTree - Not disposed pointer: file:///home/bogota/school/python/CrochetWebsite2/.env
com.intellij.openapi.util.TraceableDisposable$DisposalException: Not disposed pointer: file:///home/bogota/school/python/CrochetWebsite2/.env
	at com.intellij.openapi.util.TraceableDisposable.throwDisposalError(TraceableDisposable.java:48)
	at com.intellij.openapi.vfs.impl.VirtualFilePointerManagerImpl.assertAllPointersDisposed(VirtualFilePointerManagerImpl.java:494)
	at com.intellij.openapi.vfs.impl.VirtualFilePointerManagerImpl.dispose(VirtualFilePointerManagerImpl.java:121)
	at com.intellij.openapi.util.ObjectTree.runWithTrace(ObjectTree.java:131)
	at com.intellij.openapi.util.ObjectTree.executeAll(ObjectTree.java:163)
	at com.intellij.openapi.util.Disposer.dispose(Disposer.java:205)
	at com.intellij.openapi.util.Disposer.dispose(Disposer.java:193)
	at com.intellij.serviceContainer.ComponentManagerImpl.dispose(ComponentManagerImpl.kt:1170)
	at com.intellij.openapi.application.impl.ApplicationImpl.dispose(ApplicationImpl.java:296)
	at com.intellij.openapi.util.ObjectTree.runWithTrace(ObjectTree.java:131)
	at com.intellij.openapi.util.ObjectTree.executeAll(ObjectTree.java:163)
	at com.intellij.openapi.util.Disposer.dispose(Disposer.java:205)
	at com.intellij.openapi.util.Disposer.dispose(Disposer.java:193)
	at com.intellij.openapi.application.impl.ApplicationImpl.lambda$disposeContainer$0(ApplicationImpl.java:189)
	at com.intellij.openapi.application.impl.AnyThreadWriteThreadingSupport.runWriteAction$lambda$5(AnyThreadWriteThreadingSupport.kt:379)
	at com.intellij.openapi.application.impl.AnyThreadWriteThreadingSupport.runWriteAction(AnyThreadWriteThreadingSupport.kt:389)
	at com.intellij.openapi.application.impl.AnyThreadWriteThreadingSupport.runWriteAction(AnyThreadWriteThreadingSupport.kt:379)
	at com.intellij.openapi.application.impl.ApplicationImpl.runWriteAction(ApplicationImpl.java:897)
	at com.intellij.openapi.application.impl.ApplicationImpl.disposeContainer(ApplicationImpl.java:187)
	at com.intellij.openapi.application.impl.ApplicationImpl.destructApplication(ApplicationImpl.java:635)
	at com.intellij.openapi.application.impl.ApplicationImpl.doExit(ApplicationImpl.java:566)
	at com.intellij.openapi.application.impl.ApplicationImpl.exit(ApplicationImpl.java:551)
	at com.intellij.openapi.application.impl.ApplicationImpl.restart(ApplicationImpl.java:530)
	at com.intellij.openapi.application.impl.ApplicationImpl.restart(ApplicationImpl.java:500)
	at com.intellij.openapi.application.impl.ApplicationImpl.restart(ApplicationImpl.java:488)
	at com.intellij.ide.plugins.PluginManagerMain$3.actionPerformed(PluginManagerMain.java:343)
	at com.intellij.notification.NotificationAction.actionPerformed(NotificationAction.java:34)
	at com.intellij.openapi.actionSystem.ex.ActionUtil.doPerformActionOrShowPopup(ActionUtil.kt:374)
	at com.intellij.openapi.actionSystem.ex.ActionUtil.performActionDumbAwareWithCallbacks$lambda$7(ActionUtil.kt:343)
	at com.intellij.openapi.actionSystem.impl.ActionManagerImpl.performWithActionCallbacks(ActionManagerImpl.kt:1173)
	at com.intellij.openapi.actionSystem.ex.ActionUtil.performActionDumbAwareWithCallbacks(ActionUtil.kt:342)
	at com.intellij.openapi.fileEditor.impl.IdeUiServiceImpl.performActionDumbAwareWithCallbacks(IdeUiServiceImpl.java:116)
	at com.intellij.notification.Notification.fire(Notification.java:463)
	at com.intellij.notification.impl.NotificationsManagerImpl.lambda$createAction$17(NotificationsManagerImpl.java:916)
	at com.intellij.ui.components.labels.LinkLabel.doClick(LinkLabel.java:174)
	at com.intellij.ui.components.labels.LinkLabel.doClick(LinkLabel.java:399)
	at com.intellij.ui.components.labels.LinkLabel$MyMouseHandler.mouseReleased(LinkLabel.java:372)
	at com.intellij.notification.impl.NotificationsManagerImpl$HoverAdapter.handleEvent(NotificationsManagerImpl.java:1031)
	at com.intellij.notification.impl.NotificationsManagerImpl$HoverAdapter.mouseReleased(NotificationsManagerImpl.java:974)
	at java.desktop/java.awt.Component.processMouseEvent(Component.java:6662)
	at java.desktop/javax.swing.JComponent.processMouseEvent(JComponent.java:3394)
	at java.desktop/java.awt.Component.processEvent(Component.java:6427)
	at java.desktop/java.awt.Container.processEvent(Container.java:2266)
	at java.desktop/java.awt.Component.dispatchEventImpl(Component.java:5032)
	at java.desktop/java.awt.Container.dispatchEventImpl(Container.java:2324)
	at java.desktop/java.awt.Component.dispatchEvent(Component.java:4860)
	at java.desktop/java.awt.LightweightDispatcher.retargetMouseEvent(Container.java:4963)
	at java.desktop/java.awt.LightweightDispatcher.processMouseEvent(Container.java:4577)
	at java.desktop/java.awt.LightweightDispatcher.dispatchEvent(Container.java:4518)
	at java.desktop/java.awt.Container.dispatchEventImpl(Container.java:2310)
	at java.desktop/java.awt.Window.dispatchEventImpl(Window.java:2810)
	at java.desktop/java.awt.Component.dispatchEvent(Component.java:4860)
	at java.desktop/java.awt.EventQueue.dispatchEventImpl(EventQueue.java:783)
	at java.desktop/java.awt.EventQueue$4.run(EventQueue.java:728)
	at java.desktop/java.awt.EventQueue$4.run(EventQueue.java:722)
	at java.base/java.security.AccessController.doPrivileged(AccessController.java:400)
	at java.base/java.security.ProtectionDomain$JavaSecurityAccessImpl.doIntersectionPrivilege(ProtectionDomain.java:87)
	at java.base/java.security.ProtectionDomain$JavaSecurityAccessImpl.doIntersectionPrivilege(ProtectionDomain.java:98)
	at java.desktop/java.awt.EventQueue$5.run(EventQueue.java:755)
	at java.desktop/java.awt.EventQueue$5.run(EventQueue.java:753)
	at java.base/java.security.AccessController.doPrivileged(AccessController.java:400)
	at java.base/java.security.ProtectionDomain$JavaSecurityAccessImpl.doIntersectionPrivilege(ProtectionDomain.java:87)
	at java.desktop/java.awt.EventQueue.dispatchEvent(EventQueue.java:752)
	at com.intellij.ide.IdeEventQueue.defaultDispatchEvent(IdeEventQueue.kt:675)
	at com.intellij.ide.IdeEventQueue.dispatchMouseEvent(IdeEventQueue.kt:621)
	at com.intellij.ide.IdeEventQueue._dispatchEvent$lambda$21(IdeEventQueue.kt:564)
	at com.intellij.openapi.application.impl.AnyThreadWriteThreadingSupport.runWriteIntentReadAction(AnyThreadWriteThreadingSupport.kt:128)
	at com.intellij.ide.IdeEventQueue._dispatchEvent(IdeEventQueue.kt:564)
	at com.intellij.ide.IdeEventQueue.dispatchEvent$lambda$18$lambda$17$lambda$16$lambda$15(IdeEventQueue.kt:355)
	at com.intellij.openapi.progress.impl.CoreProgressManager.computePrioritized(CoreProgressManager.java:857)
	at com.intellij.ide.IdeEventQueue.dispatchEvent$lambda$18$lambda$17$lambda$16(IdeEventQueue.kt:354)
	at com.intellij.ide.IdeEventQueueKt.performActivity$lambda$2$lambda$1(IdeEventQueue.kt:1045)
	at com.intellij.openapi.application.WriteIntentReadAction.lambda$run$0(WriteIntentReadAction.java:24)
	at com.intellij.openapi.application.impl.AnyThreadWriteThreadingSupport.runWriteIntentReadAction(AnyThreadWriteThreadingSupport.kt:128)
	at com.intellij.openapi.application.impl.ApplicationImpl.runWriteIntentReadAction(ApplicationImpl.java:917)
	at com.intellij.openapi.application.WriteIntentReadAction.compute(WriteIntentReadAction.java:55)
	at com.intellij.openapi.application.WriteIntentReadAction.run(WriteIntentReadAction.java:23)
	at com.intellij.ide.IdeEventQueueKt.performActivity$lambda$2(IdeEventQueue.kt:1045)
	at com.intellij.ide.IdeEventQueueKt.performActivity$lambda$3(IdeEventQueue.kt:1054)
	at com.intellij.openapi.application.TransactionGuardImpl.performActivity(TransactionGuardImpl.java:117)
	at com.intellij.ide.IdeEventQueueKt.performActivity(IdeEventQueue.kt:1054)
	at com.intellij.ide.IdeEventQueue.dispatchEvent$lambda$18(IdeEventQueue.kt:349)
	at com.intellij.ide.IdeEventQueue.dispatchEvent(IdeEventQueue.kt:395)
	at java.desktop/java.awt.EventDispatchThread.pumpOneEventForFilters(EventDispatchThread.java:207)
	at java.desktop/java.awt.EventDispatchThread.pumpEventsForFilter(EventDispatchThread.java:128)
	at java.desktop/java.awt.EventDispatchThread.pumpEventsForHierarchy(EventDispatchThread.java:117)
	at java.desktop/java.awt.EventDispatchThread.pumpEvents(EventDispatchThread.java:113)
	at java.desktop/java.awt.EventDispatchThread.pumpEvents(EventDispatchThread.java:105)
	at java.desktop/java.awt.EventDispatchThread.run(EventDispatchThread.java:92)
2025-04-12 13:50:09,609 [ 680022] SEVERE - #c.i.o.u.ObjectTree - PyCharm 2024.3.5  Build #PY-243.26053.29
2025-04-12 13:50:09,609 [ 680022] SEVERE - #c.i.o.u.ObjectTree - JDK: 21.0.6; VM: OpenJDK 64-Bit Server VM; Vendor: JetBrains s.r.o.
2025-04-12 13:50:09,609 [ 680022] SEVERE - #c.i.o.u.ObjectTree - OS: Linux
[0.004s][warning][cds] Archived non-system classes are disabled because the java.system.class.loader property is specified (value = "com.intellij.util.lang.PathClassLoader"). To use archived non-system classes, this property must not be set
[0.009s][warning][cds] Archived non-system classes are disabled because the java.system.class.loader property is specified (value = "com.intellij.util.lang.PathClassLoader"). To use archived non-system classes, this property must not be set
2025-04-14 11:34:49,569 [   1046] SEVERE - #c.i.o.e.c.i.EditorColorsManagerImpl - id is not specified for extension /colors/PyDarcula
java.lang.Throwable: id is not specified for extension /colors/PyDarcula
	at com.intellij.openapi.diagnostic.Logger.error(Logger.java:376)
	at com.intellij.openapi.editor.colors.impl.EditorColorsManagerImplKt$createLoadBundledSchemeRequests$1$1.getSchemeKey(EditorColorsManagerImpl.kt:781)
	at com.intellij.configurationStore.schemeManager.SchemeManagerImpl.loadBundledSchemes(SchemeManagerImpl.kt:120)
	at com.intellij.openapi.editor.colors.impl.EditorColorsManagerImpl.<init>(EditorColorsManagerImpl.kt:114)
	at com.intellij.openapi.editor.colors.impl.EditorColorsManagerImpl.<init>(EditorColorsManagerImpl.kt:96)
	at com.intellij.platform.instanceContainer.instantiation.InstantiateKt.instantiate$lambda$0(instantiate.kt:46)
	at com.intellij.platform.instanceContainer.instantiation.InstantiateKt.instantiate$lambda$8$lambda$7(instantiate.kt:310)
	at com.intellij.platform.instanceContainer.instantiation.InstantiateKt.withStoredTemporaryContext(instantiate.kt:328)
	at com.intellij.platform.instanceContainer.instantiation.InstantiateKt.instantiate(instantiate.kt:309)
	at com.intellij.platform.instanceContainer.instantiation.InstantiateKt.instantiate(instantiate.kt:43)
	at com.intellij.serviceContainer.ServiceInstanceInitializer.createInstance$suspendImpl(ServiceInstanceInitializer.kt:30)
	at com.intellij.serviceContainer.ServiceInstanceInitializer.createInstance(ServiceInstanceInitializer.kt)
	at com.intellij.platform.instanceContainer.internal.LazyInstanceHolder$initialize$1$1.invokeSuspend(LazyInstanceHolder.kt:163)
	at com.intellij.platform.instanceContainer.internal.LazyInstanceHolder$initialize$1$1.invoke(LazyInstanceHolder.kt)
	at com.intellij.platform.instanceContainer.internal.LazyInstanceHolder$initialize$1$1.invoke(LazyInstanceHolder.kt)
	at kotlinx.coroutines.intrinsics.UndispatchedKt.startUndispatchedOrReturn(Undispatched.kt:62)
	at kotlinx.coroutines.BuildersKt__Builders_commonKt.withContext(Builders.common.kt:163)
	at kotlinx.coroutines.BuildersKt.withContext(Unknown Source)
	at com.intellij.platform.instanceContainer.internal.LazyInstanceHolder$initialize$1.invokeSuspend(LazyInstanceHolder.kt:161)
	at com.intellij.platform.instanceContainer.internal.LazyInstanceHolder$initialize$1.invoke(LazyInstanceHolder.kt)
	at com.intellij.platform.instanceContainer.internal.LazyInstanceHolder$initialize$1.invoke(LazyInstanceHolder.kt)
	at kotlinx.coroutines.intrinsics.UndispatchedKt.startCoroutineUndispatched(Undispatched.kt:27)
	at kotlinx.coroutines.CoroutineStart.invoke(CoroutineStart.kt:90)
	at kotlinx.coroutines.AbstractCoroutine.start(AbstractCoroutine.kt:123)
	at kotlinx.coroutines.BuildersKt__Builders_commonKt.launch(Builders.common.kt:52)
	at kotlinx.coroutines.BuildersKt.launch(Unknown Source)
	at com.intellij.platform.instanceContainer.internal.LazyInstanceHolder.initialize(LazyInstanceHolder.kt:146)
	at com.intellij.platform.instanceContainer.internal.LazyInstanceHolder.access$initialize(LazyInstanceHolder.kt:14)
	at com.intellij.platform.instanceContainer.internal.LazyInstanceHolder.tryInitialize(LazyInstanceHolder.kt:136)
	at com.intellij.platform.instanceContainer.internal.LazyInstanceHolder.getInstance(LazyInstanceHolder.kt:96)
	at com.intellij.platform.instanceContainer.internal.LazyInstanceHolder.getInstance$suspendImpl(LazyInstanceHolder.kt:84)
	at com.intellij.platform.instanceContainer.internal.LazyInstanceHolder.getInstance(LazyInstanceHolder.kt)
	at com.intellij.platform.instanceContainer.internal.InstanceContainerImpl.instance(InstanceContainerImpl.kt:67)
	at com.intellij.serviceContainer.ComponentManagerImpl.getServiceAsync(ComponentManagerImpl.kt:699)
	at com.intellij.ide.ui.html.GlobalStyleSheetHolderKt$initGlobalStyleSheet$2$1.invokeSuspend(GlobalStyleSheetHolder.kt:131)
	at kotlin.coroutines.jvm.internal.BaseContinuationImpl.resumeWith(ContinuationImpl.kt:33)
	at kotlinx.coroutines.DispatchedTask.run(DispatchedTask.kt:104)
	at kotlinx.coroutines.scheduling.CoroutineScheduler.runSafely(CoroutineScheduler.kt:608)
	at kotlinx.coroutines.scheduling.CoroutineScheduler$Worker.executeTask(CoroutineScheduler.kt:873)
	at kotlinx.coroutines.scheduling.CoroutineScheduler$Worker.runWorker(CoroutineScheduler.kt:763)
	at kotlinx.coroutines.scheduling.CoroutineScheduler$Worker.run(CoroutineScheduler.kt:750)
2025-04-14 11:34:49,578 [   1055] SEVERE - #c.i.o.e.c.i.EditorColorsManagerImpl - PyCharm 2024.3.5  Build #PY-243.26053.29
2025-04-14 11:34:49,578 [   1055] SEVERE - #c.i.o.e.c.i.EditorColorsManagerImpl - JDK: 21.0.6; VM: OpenJDK 64-Bit Server VM; Vendor: JetBrains s.r.o.
2025-04-14 11:34:49,578 [   1055] SEVERE - #c.i.o.e.c.i.EditorColorsManagerImpl - OS: Linux
2025-04-14 11:34:49,579 [   1056] SEVERE - #c.i.o.e.c.i.EditorColorsManagerImpl - Last Action: 
2025-04-14 11:34:50,247 [   1724]   WARN - #c.i.c.ComponentStoreImpl - Cannot read FileBasedStorage(file=/home/bogota/school/python/CrochetWebsite2/.idea/CrochetWebsite2.iml, fileSpec=$MODULE_FILE$, isBlockSavingTheContent=com.fasterxml.aalto.WFCException: Unexpected character '<' (code 60); expected a name start character
 at [row,col {unknown-source}]: [9,3])
com.fasterxml.aalto.WFCException: Unexpected character '<' (code 60); expected a name start character
 at [row,col {unknown-source}]: [9,3]
	at com.fasterxml.aalto.in.XmlScanner.reportInputProblem(XmlScanner.java:1333)
	at com.fasterxml.aalto.in.XmlScanner.throwUnexpectedChar(XmlScanner.java:1519)
	at com.fasterxml.aalto.in.ReaderScanner.parsePName(ReaderScanner.java:3003)
	at com.fasterxml.aalto.in.ReaderScanner.handleStartElement(ReaderScanner.java:639)
	at com.fasterxml.aalto.in.ReaderScanner.nextFromTree(ReaderScanner.java:297)
	at com.fasterxml.aalto.stax.StreamReaderImpl.next(StreamReaderImpl.java:760)
	at com.intellij.openapi.util.SafeStAXStreamBuilderKt.processElementFragment(SafeStAXStreamBuilder.kt:153)
	at com.intellij.openapi.util.SafeStAXStreamBuilderKt.buildJdom(SafeStAXStreamBuilder.kt:124)
	at com.intellij.openapi.util.SafeStAXStreamBuilderKt.buildNsUnawareJdomAndClose(SafeStAXStreamBuilder.kt:99)
	at com.intellij.openapi.util.SafeStAXStreamBuilderKt.buildNsUnawareJdom(SafeStAXStreamBuilder.kt:65)
	at com.intellij.configurationStore.FileBasedStorageKt.loadDataAndDetectLineSeparator(FileBasedStorage.kt:371)
	at com.intellij.configurationStore.FileBasedStorage.loadLocalData(FileBasedStorage.kt:204)
	at com.intellij.configurationStore.XmlElementStorage.loadElement(XmlElementStorage.kt:97)
	at com.intellij.configurationStore.XmlElementStorage.loadData(XmlElementStorage.kt:68)
	at com.intellij.configurationStore.XmlElementStorage.loadData(XmlElementStorage.kt:39)
	at com.intellij.configurationStore.StateStorageBase.getStorageData(StateStorageBase.kt:76)
	at com.intellij.configurationStore.StateStorageBase.getStorageData(StateStorageBase.kt:66)
	at com.intellij.configurationStore.FileBasedStorage.preloadStorageData(FileBasedStorage.kt:172)
	at com.intellij.configurationStore.ModuleStoreImpl.setPath$lambda$2(ModuleStoreImpl.kt:97)
	at com.intellij.configurationStore.StateStorageManagerImpl.getOrCreateStorage(StateStorageManagerImpl.kt:127)
	at com.intellij.configurationStore.StateStorageManagerImpl.getOrCreateStorage$default(StateStorageManagerImpl.kt:97)
	at com.intellij.configurationStore.ModuleStoreImpl.setPath(ModuleStoreImpl.kt:82)
	at com.intellij.workspaceModel.ide.impl.legacyBridge.module.ModuleManagerBridgeImpl.createModuleInstanceWithoutCreatingComponents(ModuleManagerBridgeImpl.kt:497)
	at com.intellij.workspaceModel.ide.impl.legacyBridge.module.ModuleManagerBridgeImpl$loadModules$2$result$1$result$1$1.invokeSuspend$lambda$1$lambda$0(ModuleManagerBridgeImpl.kt:202)
	at com.intellij.openapi.progress.CoroutinesKt.blockingContextInner(coroutines.kt:341)
	at com.intellij.openapi.progress.CoroutinesKt$blockingContext$2.invokeSuspend(coroutines.kt:233)
	at com.intellij.openapi.progress.CoroutinesKt$blockingContext$2.invoke(coroutines.kt)
	at com.intellij.openapi.progress.CoroutinesKt$blockingContext$2.invoke(coroutines.kt)
	at kotlinx.coroutines.intrinsics.UndispatchedKt.startUndispatchedOrReturn(Undispatched.kt:62)
	at kotlinx.coroutines.CoroutineScopeKt.coroutineScope(CoroutineScope.kt:261)
	at com.intellij.openapi.progress.CoroutinesKt.blockingContext(coroutines.kt:232)
	at com.intellij.workspaceModel.ide.impl.legacyBridge.module.ModuleManagerBridgeImpl$loadModules$2$result$1$result$1$1.invokeSuspend(ModuleManagerBridgeImpl.kt:201)
	at kotlin.coroutines.jvm.internal.BaseContinuationImpl.resumeWith(ContinuationImpl.kt:33)
	at kotlinx.coroutines.DispatchedTask.run(DispatchedTask.kt:104)
	at kotlinx.coroutines.scheduling.CoroutineScheduler.runSafely(CoroutineScheduler.kt:608)
	at kotlinx.coroutines.scheduling.CoroutineScheduler$Worker.executeTask(CoroutineScheduler.kt:873)
	at kotlinx.coroutines.scheduling.CoroutineScheduler$Worker.runWorker(CoroutineScheduler.kt:763)
	at kotlinx.coroutines.scheduling.CoroutineScheduler$Worker.run(CoroutineScheduler.kt:750)
2025-04-14 11:34:50,716 [   2193]   WARN - #c.i.s.ComponentManagerImpl - `preload=NOT_HEADLESS` must be used only for core services (service=com.jetbrains.rdserver.toolWindow.BackendServerToolWindowManager, plugin=com.jetbrains.codeWithMe)
2025-04-14 11:34:50,717 [   2194]   WARN - #c.i.s.ComponentManagerImpl - `preload=TRUE` must be used only for core services (service=com.intellij.cwm.plugin.users.BackendUserManager, plugin=com.jetbrains.codeWithMe)
2025-04-14 11:34:50,717 [   2194]   WARN - #c.i.s.ComponentManagerImpl - `preload=TRUE` must be used only for core services (service=com.intellij.cwm.plugin.ports.CwmPortForwardingToolWindowManager, plugin=com.jetbrains.codeWithMe)
2025-04-14 11:34:50,717 [   2194]   WARN - #c.i.s.ComponentManagerImpl - `preload=TRUE` must be used only for core services (service=com.intellij.cwm.plugin.following.FollowMeManagerService, plugin=com.jetbrains.codeWithMe)
2025-04-14 11:34:50,876 [   2353]   WARN - #c.i.u.Alarm - Do not create alarm without coroutineScope: com.intellij.ui.jcef.JBCefOsrComponent.<init>(JBCefOsrComponent.java:52)

(java:9466): Gtk-WARNING **: 11:34:51.117: gtk_disable_setlocale() must be called before gtk_init()
2025-04-14 11:34:53,280 [   4757]   WARN - #c.i.o.a.Application - issue detected: ide.script.launcher.used (ignored)
2025-04-14 11:34:55,218 [   6695]   WARN - #git4idea.status.GitStagingAreaHolder - Ignoring change under another root: GitFileStatus(index=A, workTree= , path=/home/bogota/school/python/CrochetWebsite2/__pycache__/config.cpython-310.pyc, origPath=null); root: /home/bogota/school/python/CrochetWebsite2; mapped root: null
2025-04-14 11:34:55,218 [   6695]   WARN - #git4idea.status.GitStagingAreaHolder - Ignoring change under another root: GitFileStatus(index=A, workTree= , path=/home/bogota/school/python/CrochetWebsite2/app/__pycache__/__init__.cpython-310.pyc, origPath=null); root: /home/bogota/school/python/CrochetWebsite2; mapped root: null
2025-04-14 11:34:55,218 [   6695]   WARN - #git4idea.status.GitStagingAreaHolder - Ignoring change under another root: GitFileStatus(index=A, workTree= , path=/home/bogota/school/python/CrochetWebsite2/app/__pycache__/routes.cpython-310.pyc, origPath=null); root: /home/bogota/school/python/CrochetWebsite2; mapped root: null
